###############################################################################
#                                                                             #
# IAR ELF Linker V6.30.1.53127/W32 for ARM              28/Apr/2013  14:29:31 #
# Copyright 2007-2011 IAR Systems AB.                                         #
#                                                                             #
#    Output file  =  E:\Embedded Projects\Smart_Plug\APP\Smart_Plug\Coordinat #
#                    or\Exe\Smart_Plug_Coordinator.out.tmp                    #
#    Map file     =  E:\Embedded Projects\Smart_Plug\APP\Smart_Plug\Coordinat #
#                    or\List\Smart_Plug_Coordinator.map                       #
#    Command line =  "E:\Embedded Projects\Smart_Plug\APP\Smart_Plug\Coordina #
#                    tor\Obj\af_zdo.o" "E:\Embedded                           #
#                    Projects\Smart_Plug\APP\Smart_Plug\Coordinator\Obj\app.o #
#                    " "E:\Embedded Projects\Smart_Plug\APP\Smart_Plug\Coordi #
#                    nator\Obj\application_configuration.o" "E:\Embedded      #
#                    Projects\Smart_Plug\APP\Smart_Plug\Coordinator\Obj\bsp.o #
#                    " "E:\Embedded Projects\Smart_Plug\APP\Smart_Plug\Coordi #
#                    nator\Obj\conversions.o" "E:\Embedded                    #
#                    Projects\Smart_Plug\APP\Smart_Plug\Coordinator\Obj\core_ #
#                    cm0.o" "E:\Embedded Projects\Smart_Plug\APP\Smart_Plug\C #
#                    oordinator\Obj\croutine.o" "E:\Embedded                  #
#                    Projects\Smart_Plug\APP\Smart_Plug\Coordinator\Obj\gpio. #
#                    o" "E:\Embedded Projects\Smart_Plug\APP\Smart_Plug\Coord #
#                    inator\Obj\header.o" "E:\Embedded                        #
#                    Projects\Smart_Plug\APP\Smart_Plug\Coordinator\Obj\heap_ #
#                    2.o" "E:\Embedded Projects\Smart_Plug\APP\Smart_Plug\Coo #
#                    rdinator\Obj\i2c.o" "E:\Embedded                         #
#                    Projects\Smart_Plug\APP\Smart_Plug\Coordinator\Obj\infoM #
#                    essage.o" "E:\Embedded Projects\Smart_Plug\APP\Smart_Plu #
#                    g\Coordinator\Obj\lcd.o" "E:\Embedded                    #
#                    Projects\Smart_Plug\APP\Smart_Plug\Coordinator\Obj\list. #
#                    o" "E:\Embedded Projects\Smart_Plug\APP\Smart_Plug\Coord #
#                    inator\Obj\main.o" "E:\Embedded                          #
#                    Projects\Smart_Plug\APP\Smart_Plug\Coordinator\Obj\nvmem #
#                    .o" "E:\Embedded Projects\Smart_Plug\APP\Smart_Plug\Coor #
#                    dinator\Obj\pcb.o" "E:\Embedded                          #
#                    Projects\Smart_Plug\APP\Smart_Plug\Coordinator\Obj\port. #
#                    o" "E:\Embedded Projects\Smart_Plug\APP\Smart_Plug\Coord #
#                    inator\Obj\portasm.o" "E:\Embedded                       #
#                    Projects\Smart_Plug\APP\Smart_Plug\Coordinator\Obj\queue #
#                    .o" "E:\Embedded Projects\Smart_Plug\APP\Smart_Plug\Coor #
#                    dinator\Obj\rfhandler.o" "E:\Embedded                    #
#                    Projects\Smart_Plug\APP\Smart_Plug\Coordinator\Obj\rtk_F #
#                    reeRTOS.o" "E:\Embedded Projects\Smart_Plug\APP\Smart_Pl #
#                    ug\Coordinator\Obj\simple_api.o" "E:\Embedded            #
#                    Projects\Smart_Plug\APP\Smart_Plug\Coordinator\Obj\start #
#                    up_armcm0.o" "E:\Embedded Projects\Smart_Plug\APP\Smart_ #
#                    Plug\Coordinator\Obj\string_functions.o" "E:\Embedded    #
#                    Projects\Smart_Plug\APP\Smart_Plug\Coordinator\Obj\syste #
#                    m_EM7xx.o" "E:\Embedded Projects\Smart_Plug\APP\Smart_Pl #
#                    ug\Coordinator\Obj\tasks.o" "E:\Embedded                 #
#                    Projects\Smart_Plug\APP\Smart_Plug\Coordinator\Obj\uart. #
#                    o" "E:\Embedded Projects\Smart_Plug\APP\Smart_Plug\Coord #
#                    inator\Obj\wdt.o" "E:\Embedded                           #
#                    Projects\Smart_Plug\APP\Smart_Plug\Coordinator\Obj\znpRf #
#                    TestInterface.o" "E:\Embedded                            #
#                    Projects\Smart_Plug\APP\Smart_Plug\Coordinator\Obj\znp_c #
#                    ommands.o" "E:\Embedded Projects\Smart_Plug\APP\Smart_Pl #
#                    ug\Coordinator\Obj\znp_hal.o" "E:\Embedded               #
#                    Projects\Smart_Plug\APP\Smart_Plug\Coordinator\Obj\znp_i #
#                    nterface.o" "E:\Embedded Projects\Smart_Plug\APP\Smart_P #
#                    lug\Coordinator\Obj\znp_interface_spi.o" "E:\Embedded    #
#                    Projects\Smart_Plug\APP\Smart_Plug\Coordinator\Obj\znp_u #
#                    til_interface.o" --redirect _Printf=_PrintfSmall         #
#                    --redirect _Scanf=_ScanfSmall -o "E:\Embedded            #
#                    Projects\Smart_Plug\APP\Smart_Plug\Coordinator\Exe\Smart #
#                    _Plug_Coordinator.out.tmp" --map "E:\Embedded            #
#                    Projects\Smart_Plug\APP\Smart_Plug\Coordinator\List\Smar #
#                    t_Plug_Coordinator.map" --log                            #
#                    initialization,modules,sections,veneers --log_file       #
#                    "E:\Embedded Projects\Smart_Plug\APP\Smart_Plug\Coordina #
#                    tor\List\Smart_Plug_Coordinator.log" --config            #
#                    "E:\Embedded Projects\Smart_Plug\APP\Smart_Plug\EM773_Fl #
#                    ash.icf" "E:\Embedded Projects\Smart_Plug\APP\Smart_Plug #
#                    \..\..\LIB\dbg_metrology.a" --entry __iar_program_start  #
#                    --vfe                                                    #
#                                                                             #
#                                                                             #
###############################################################################

*******************************************************************************
*** RUNTIME MODEL ATTRIBUTES
***

CppFlavor       = *
__SystemLibrary = DLib


*******************************************************************************
*** PLACEMENT SUMMARY
***

"A1":  place at 0x00000000 { ro section .intvec };
"P1":  place in [from 0x00000100 to 0x00006fff] { ro };
"P2":  place in [from 0x10000000 to 0x10001fff] { rw, block CSTACK, block HEAP };

  Section            Kind        Address    Size  Object
  -------            ----        -------    ----  ------
"A1":                                       0xc0
  .intvec            ro code  0x00000000    0xc0  startup_armcm0.o [1]
                            - 0x000000c0    0xc0

"P1":                                     0x515c
  .text              ro code  0x00000100   0xa9c  app.o [1]
  .text              ro code  0x00000b9c    0x38  sprintf.o [4]
  .text              ro code  0x00000bd4   0x31e  uart.o [1]
  .text              ro code  0x00000ef2    0x2e  copy_init3.o [6]
  .text              ro code  0x00000f20   0x1a4  string_functions.o [1]
  .text              ro code  0x000010c4   0x234  nvmem.o [1]
  .text              ro code  0x000012f8    0x26  FltCmpLe.o [5]
  .text              ro code  0x0000131e   0x120  FltAddSub.o [5]
  .text              ro code  0x0000143e    0xaa  FltDiv.o [5]
  .text              ro code  0x000014e8   0x668  rfhandler.o [1]
  .text              ro code  0x00001b50   0x8f0  metrology.o [3]
  .text              ro code  0x00002440   0x224  gpio.o [1]
  .text              ro code  0x00002664    0x90  rtk_FreeRTOS.o [1]
  .text              ro code  0x000026f4    0x24  printf.o [4]
  .text              ro code  0x00002718   0x500  znp_interface.o [1]
  .text              ro code  0x00002c18    0xb4  FltMul.o [5]
  .text              ro code  0x00002ccc    0x70  atanf.o [5]
  .text              ro code  0x00002d3c    0x5c  ABImemcpy.o [6]
  .text              ro code  0x00002d98    0x28  FltCmpGe.o [5]
  .text              ro code  0x00002dc0    0xbc  main.o [1]
  .text              ro code  0x00002e7c    0xd8  znp_interface_spi.o [1]
  .text              ro code  0x00002f54   0x50c  xprintfsmall.o [4]
  .text              ro code  0x00003460    0x56  I32DivMod.o [6]
  .text              ro code  0x000034b6    0x14  strlen.o [6]
  .text              ro code  0x000034ca     0xa  xsprout.o [4]
  .text              ro code  0x000034d4    0x32  I32ToFlt.o [5]
  .rodata            const    0x00003506     0x2  heap_2.o [1]
  .text              ro code  0x00003508    0x3a  FltToS32.o [5]
  .text              ro code  0x00003542     0x2  startup_armcm0.o [1]
  .text              ro code  0x00003544    0x54  ABImemset.o [6]
  .text              ro code  0x00003598    0x80  af_zdo.o [1]
  .text              ro code  0x00003618    0x20  FltCmpEq.o [5]
  .text              ro code  0x00003638    0x84  pcb.o [1]
  .text              ro code  0x000036bc   0x412  queue.o [1]
  .text              ro code  0x00003ace     0x2  startup_armcm0.o [1]
  .text              ro code  0x00003ad0   0x180  port.o [1]
  .text              ro code  0x00003c50   0x6ec  tasks.o [1]
  .text              ro code  0x0000433c   0x218  znp_hal.o [1]
  .text              ro code  0x00004554    0xf8  xfatan.o [5]
  .text              ro code  0x0000464c   0x150  system_EM7xx.o [1]
  .text              ro code  0x0000479c    0x80  bsp.o [1]
  .text              ro code  0x0000481c    0x14  strchr.o [6]
  .text              ro code  0x00004830    0x18  memchr.o [6]
  .text              ro code  0x00004848     0x2  IntDivZer.o [6]
  .text              ro code  0x0000484a     0x2  startup_armcm0.o [1]
  .text              ro code  0x0000484c   0x14c  heap_2.o [1]
  .text              ro code  0x00004998    0xa6  list.o [1]
  .text              ro code  0x00004a3e    0x16  znp_interface.o [1]
  CODE               ro code  0x00004a54    0x7c  portasm.o [1]
  .text              ro code  0x00004ad0    0x28  memcmp.o [6]
  .text              ro code  0x00004af8    0x26  strncpy.o [6]
  .text              ro code  0x00004b1e    0x16  tasks.o [1]
  .text              ro code  0x00004b34    0x38  wdt.o [1]
  .rodata            const    0x00004b6c    0x38  znp_interface.o [1]
  .rodata            const    0x00004ba4    0x34  app.o [1]
  .rodata            const    0x00004bd8    0x30  pcb.o [1]
  .rodata            const    0x00004c08    0x2c  znp_interface.o [1]
  .rodata            const    0x00004c34    0x2c  znp_interface.o [1]
  .text              ro code  0x00004c60    0x2c  data_init3.o [6]
  .rodata            const    0x00004c8c    0x28  znp_interface.o [1]
  .rodata            const    0x00004cb4    0x28  znp_interface.o [1]
  .rodata            const    0x00004cdc    0x28  znp_interface.o [1]
  .rodata            const    0x00004d04    0x28  znp_interface.o [1]
  .rodata            const    0x00004d2c    0x28  znp_interface.o [1]
  .rodata            const    0x00004d54    0x28  znp_interface.o [1]
  .rodata            const    0x00004d7c    0x28  znp_interface.o [1]
  .text              ro code  0x00004da4    0x28  zero_init3.o [6]
  .rodata            const    0x00004dcc    0x24  rfhandler.o [1]
  .rodata            const    0x00004df0    0x24  uart.o [1]
  .rodata            const    0x00004e14    0x24  znp_interface.o [1]
  .rodata            const    0x00004e38    0x24  znp_interface.o [1]
  .rodata            const    0x00004e5c    0x24  znp_interface.o [1]
  .rodata            const    0x00004e80    0x24  znp_interface.o [1]
  .iar.init_table    const    0x00004ea4    0x24  - Linker created -
  .rodata            const    0x00004ec8    0x20  app.o [1]
  .rodata            const    0x00004ee8    0x20  rfhandler.o [1]
  .rodata            const    0x00004f08    0x20  znp_interface.o [1]
  .rodata            const    0x00004f28    0x1c  rfhandler.o [1]
  .rodata            const    0x00004f44    0x1c  znp_hal.o [1]
  .rodata            const    0x00004f60    0x18  app.o [1]
  .rodata            const    0x00004f78    0x18  app.o [1]
  .rodata            const    0x00004f90    0x18  znp_interface.o [1]
  .text              ro code  0x00004fa8    0x16  cmain.o [6]
  .text              ro code  0x00004fbe     0x4  low_level_init.o [4]
  .text              ro code  0x00004fc2     0x8  exit.o [4]
  .text              ro code  0x00004fcc     0xa  cexit.o [6]
  .text              ro code  0x00004fd8     0xc  XXexit.o [6]
  .text              ro code  0x00004fe4    0x16  xprout.o [4]
  .rodata            const    0x00004ffc    0x14  app.o [1]
  .rodata            const    0x00005010    0x14  nvmem.o [1]
  .rodata            const    0x00005024    0x14  rfhandler.o [1]
  .rodata            const    0x00005038    0x14  string_functions.o [1]
  .rodata            const    0x0000504c    0x14  tasks.o [1]
  .rodata            const    0x00005060    0x14  znp_interface.o [1]
  .rodata            const    0x00005074    0x10  app.o [1]
  .rodata            const    0x00005084    0x10  app.o [1]
  .rodata            const    0x00005094    0x10  app.o [1]
  .rodata            const    0x000050a4    0x10  app.o [1]
  .rodata            const    0x000050b4    0x10  rfhandler.o [1]
  .rodata            const    0x000050c4    0x10  znp_interface.o [1]
  .rodata            const    0x000050d4    0x10  znp_interface.o [1]
  .rodata            const    0x000050e4    0x10  znp_interface.o [1]
  .rodata            const    0x000050f4    0x10  znp_interface.o [1]
  .rodata            const    0x00005104    0x10  znp_interface.o [1]
  .rodata            const    0x00005114    0x10  znp_interface.o [1]
  .rodata            const    0x00005124    0x10  znp_interface.o [1]
  .rodata            const    0x00005134     0xc  app.o [1]
  .rodata            const    0x00005140     0xc  app.o [1]
  .rodata            const    0x0000514c     0xc  app.o [1]
  .rodata            const    0x00005158     0xc  app.o [1]
  .rodata            const    0x00005164     0xc  app.o [1]
  .rodata            const    0x00005170     0xc  uart.o [1]
  .rodata            const    0x0000517c     0xc  uart.o [1]
  .rodata            const    0x00005188     0xc  znp_interface.o [1]
  .rodata            const    0x00005194     0xc  znp_interface.o [1]
  .rodata            const    0x000051a0     0xc  znp_interface.o [1]
  .text              ro code  0x000051ac     0xc  cstartup_M.o [6]
  .rodata            const    0x000051b8     0x8  app.o [1]
  .rodata            const    0x000051c0     0x8  app.o [1]
  .rodata            const    0x000051c8     0x8  app.o [1]
  .rodata            const    0x000051d0     0x8  app.o [1]
  .rodata            const    0x000051d8     0x8  app.o [1]
  .rodata            const    0x000051e0     0x8  app.o [1]
  .rodata            const    0x000051e8     0x8  app.o [1]
  .rodata            const    0x000051f0     0x8  app.o [1]
  .rodata            const    0x000051f8     0x8  app.o [1]
  .rodata            const    0x00005200     0x8  main.o [1]
  .rodata            const    0x00005208     0x8  string_functions.o [1]
  .rodata            const    0x00005210     0x8  string_functions.o [1]
  .rodata            const    0x00005218     0x8  string_functions.o [1]
  .rodata            const    0x00005220     0x8  string_functions.o [1]
  .rodata            const    0x00005228     0x8  string_functions.o [1]
  .rodata            const    0x00005230     0x8  tasks.o [1]
  .rodata            const    0x00005238     0x8  znp_interface.o [1]
  .rodata            const    0x00005240     0x4  bsp.o [1]
  .rodata            const    0x00005244     0x0  bwt_init3c.o [6]
  Initializer bytes  ro data  0x00005244    0x18  <for P2 s0>
                            - 0x0000525c  0x515c

"P2", part 1 of 3:                          0x18
  P2 s0                       0x10000000    0x18  <Init block>
    .data            inited   0x10000000     0x4  port.o [1]
    .data            inited   0x10000004     0x4  system_EM7xx.o [1]
    .data            inited   0x10000008     0x4  system_EM7xx.o [1]
    .data            inited   0x1000000c     0x4  system_EM7xx.o [1]
    .data            inited   0x10000010     0x2  app.o [1]
    .data            inited   0x10000012     0x2  rfhandler.o [1]
    .data            inited   0x10000014     0x1  app.o [1]
                            - 0x10000018    0x18

"P2", part 2 of 3:                        0x1ba8
  .bss               zero     0x10000018  0x1800  heap_2.o [1]
  .bss               zero     0x10001818    0x8c  metrology.o [3]
  .bss               zero     0x100018a4    0x64  tasks.o [1]
  .bss               zero     0x10001908    0x64  uart.o [1]
  .bss               zero     0x1000196c    0x64  znp_interface_spi.o [1]
  .bss               zero     0x100019d0    0x40  app.o [1]
  .bss               zero     0x10001a10    0x40  rfhandler.o [1]
  .bss               zero     0x10001a50    0x34  nvmem.o [1]
  .bss               zero     0x10001a84    0x24  app.o [1]
  .bss               zero     0x10001aa8    0x18  metrology.o [3]
  .bss               zero     0x10001ac0    0x14  app.o [1]
  .bss               zero     0x10001ad4    0x14  app.o [1]
  .bss               zero     0x10001ae8    0x14  tasks.o [1]
  .bss               zero     0x10001afc    0x14  tasks.o [1]
  .bss               zero     0x10001b10    0x14  tasks.o [1]
  .bss               zero     0x10001b24    0x10  pcb.o [1]
  .bss               zero     0x10001b34     0x8  heap_2.o [1]
  .bss               zero     0x10001b3c     0x8  heap_2.o [1]
  .bss               zero     0x10001b44     0x8  main.o [1]
  .bss               zero     0x10001b4c     0x4  app.o [1]
  .bss               zero     0x10001b50     0x4  app.o [1]
  .bss               zero     0x10001b54     0x4  heap_2.o [1]
  .bss               zero     0x10001b58     0x4  heap_2.o [1]
  .bss               zero     0x10001b5c     0x4  main.o [1]
  .bss               zero     0x10001b60     0x4  main.o [1]
  .bss               zero     0x10001b64     0x4  nvmem.o [1]
  .bss               zero     0x10001b68     0x4  tasks.o [1]
  .bss               zero     0x10001b6c     0x4  tasks.o [1]
  .bss               zero     0x10001b70     0x4  tasks.o [1]
  .bss               zero     0x10001b74     0x4  tasks.o [1]
  .bss               zero     0x10001b78     0x4  tasks.o [1]
  .bss               zero     0x10001b7c     0x4  tasks.o [1]
  .bss               zero     0x10001b80     0x4  tasks.o [1]
  .bss               zero     0x10001b84     0x4  tasks.o [1]
  .bss               zero     0x10001b88     0x4  tasks.o [1]
  .bss               zero     0x10001b8c     0x4  tasks.o [1]
  .bss               zero     0x10001b90     0x4  tasks.o [1]
  .bss               zero     0x10001b94     0x4  tasks.o [1]
  .bss               zero     0x10001b98     0x4  tasks.o [1]
  .bss               zero     0x10001b9c     0x4  uart.o [1]
  .bss               zero     0x10001ba0     0x4  uart.o [1]
  .bss               zero     0x10001ba4     0x4  uart.o [1]
  .bss               zero     0x10001ba8     0x4  znp_interface.o [1]
  .bss               zero     0x10001bac     0x2  main.o [1]
  .bss               zero     0x10001bae     0x2  uart.o [1]
  .bss               zero     0x10001bb0     0x2  uart.o [1]
  .bss               zero     0x10001bb2     0x2  uart.o [1]
  .bss               zero     0x10001bb4     0x2  uart.o [1]
  .bss               zero     0x10001bb6     0x2  uart.o [1]
  .bss               zero     0x10001bb8     0x2  uart.o [1]
  .bss               zero     0x10001bba     0x1  app.o [1]
  .bss               zero     0x10001bbb     0x1  rfhandler.o [1]
  .bss               zero     0x10001bbc     0x1  rfhandler.o [1]
  .bss               zero     0x10001bbd     0x1  rfhandler.o [1]
                            - 0x10001bbe  0x1ba6

"P2", part 3 of 3:                         0x180
  CSTACK                      0x10001bc0   0x180  <Block>
    CSTACK           uninit   0x10001bc0   0x180  <Block tail>
                            - 0x10001d40   0x180


*******************************************************************************
*** INIT TABLE
***

          Address     Size
          -------     ----
Zero (__iar_zero_init3)
    1 destination range, total size 0x1ba6:
          0x10000018  0x1ba6

Copy (__iar_copy_init3)
    1 source range, total size 0x18 (114% of destination):
          0x00005244    0x18
    1 destination range, total size 0x15:
          0x10000000    0x15



*******************************************************************************
*** MODULE SUMMARY
***

    Module               ro code  ro data  rw data
    ------               -------  -------  -------
E:\Embedded Projects\Smart_Plug\APP\Smart_Plug\Coordinator\Obj: [1]
    af_zdo.o                 128
    app.o                  2 716      351      152
    bsp.o                    128        4
    gpio.o                   548
    heap_2.o                 332        2    6 168
    list.o                   166
    main.o                   188        8       18
    nvmem.o                  564       20       56
    pcb.o                    132       48       16
    port.o                   384        4        4
    portasm.o                124
    queue.o                1 042
    rfhandler.o            1 640      134       69
    rtk_FreeRTOS.o           144
    startup_armcm0.o         198
    string_functions.o       420       60
    system_EM7xx.o           336       12       12
    tasks.o                1 794       28      212
    uart.o                   798       60      124
    wdt.o                     56
    znp_hal.o                536       28
    znp_interface.o        1 302      800        4
    znp_interface_spi.o      216               100
    ----------------------------------------------
    Total:                13 892    1 559    6 935

command line: [2]
    ----------------------------------------------
    Total:

dbg_metrology.a: [3]
    metrology.o            2 288               164
    ----------------------------------------------
    Total:                 2 288               164

dl6M_tln.a: [4]
    exit.o                     8
    low_level_init.o           4
    printf.o                  36
    sprintf.o                 56
    xprintfsmall.o         1 292
    xprout.o                  22
    xsprout.o                 10
    ----------------------------------------------
    Total:                 1 428

m6M_tl.a: [5]
    FltAddSub.o              288
    FltCmpEq.o                32
    FltCmpGe.o                40
    FltCmpLe.o                38
    FltDiv.o                 170
    FltMul.o                 180
    FltToS32.o                58
    I32ToFlt.o                50
    atanf.o                  112
    xfatan.o                 248
    ----------------------------------------------
    Total:                 1 216

rt6M_tl.a: [6]
    ABImemcpy.o               92
    ABImemset.o               84
    I32DivMod.o               86
    IntDivZer.o                2
    XXexit.o                  12
    bwt_init3c.o
    cexit.o                   10
    cmain.o                   22
    copy_init3.o              46
    cstartup_M.o              12
    data_init3.o              44
    memchr.o                  24
    memcmp.o                  40
    strchr.o                  20
    strlen.o                  20
    strncpy.o                 38
    zero_init3.o              40
    ----------------------------------------------
    Total:                   592

    Gaps                       4        2        3
    Linker created                     39      384
--------------------------------------------------
    Grand Total:          19 420    1 600    7 486


*******************************************************************************
*** ENTRY LIST
***

Entry                      Address    Size  Type      Object
-----                      -------    ----  ----      ------
?main                   0x00004fa9          Code  Gb  cmain.o [6]
AppStart                0x00002dc1     0xc  Code  Lc  main.o [1]
BOD_IRQHandler          0x00000439    0x16  Code  Gb  app.o [1]
CSTACK$$Base            0x10001bc0           --   Gb  - Linker created -
CSTACK$$Limit           0x10001d40           --   Gb  - Linker created -
CalData                 0x10001a84    0x24  Data  Lc  app.o [1]
CalcAverage             0x000004f1    0x84  Code  Lc  app.o [1]
ClockSource             0x10000008     0x4  Data  Gb  system_EM7xx.o [1]
Default_Handler         0x0000484b          Code  Wk  startup_armcm0.o [1]
Get_sys_seconds_cnt     0x00002e5b     0x6  Code  Gb  main.o [1]
HardFault_Handler       0x00003acf          Code  Wk  startup_armcm0.o [1]
Main_PLL_Setup          0x0000468d    0x8c  Code  Gb  system_EM7xx.o [1]
NMI_Handler             0x00003543          Code  Wk  startup_armcm0.o [1]
NVIC_EnableIRQ          0x00000101     0xe  Code  Lc  app.o [1]
NVIC_EnableIRQ          0x00000bd5     0xe  Code  Lc  uart.o [1]
NVIC_SetPriority        0x0000010f    0x8e  Code  Lc  app.o [1]
NVIC_SetPriority        0x00003ad1    0x8e  Code  Lc  port.o [1]
NVIC_SetPriority        0x00000be3    0x8e  Code  Lc  uart.o [1]
Packet_Tx_Msg           0x00001525   0x28e  Code  Gb  rfhandler.o [1]
Print_Rx_Msg            0x000017cd   0x1f0  Code  Gb  rfhandler.o [1]
Region$$Table$$Base     0x00004ea4           --   Gb  - Linker created -
Region$$Table$$Limit    0x00004ec8           --   Gb  - Linker created -
Reset_msec_cnt          0x00002e4f     0xc  Code  Gb  main.o [1]
Ser_Init                0x00000d61    0xc8  Code  Gb  uart.o [1]
Ser_WrStr               0x00000e85    0x16  Code  Gb  uart.o [1]
Ser_Write               0x00000e2d    0x36  Code  Gb  uart.o [1]
StoreInRxBuffer         0x00000c71    0x42  Code  Lc  uart.o [1]
SysTick_Config          0x00003b5f    0x38  Code  Lc  port.o [1]
SystemAHBFrequency      0x1000000c     0x4  Data  Gb  system_EM7xx.o [1]
SystemCoreClock         0x10000004     0x4  Data  Gb  system_EM7xx.o [1]
SystemInit              0x00004719    0x38  Code  Gb  system_EM7xx.o [1]
UART_IRQHandler         0x00000cb3    0xae  Code  Gb  uart.o [1]
UART_RxBufCnt           0x10001bb0     0x2  Data  Gb  uart.o [1]
UART_RxBufReadPos       0x10001bb2     0x2  Data  Gb  uart.o [1]
UART_RxBufWritePos      0x10001bb4     0x2  Data  Gb  uart.o [1]
UART_RxBuffer           0x10001908    0x64  Data  Gb  uart.o [1]
UART_RxOverflowCnt      0x10001bb6     0x2  Data  Gb  uart.o [1]
UART_TxBusySem          0x10001ba0     0x4  Data  Gb  uart.o [1]
UART_TxCount            0x10001bb8     0x2  Data  Gb  uart.o [1]
UART_TxPdata            0x10001ba4     0x4  Data  Gb  uart.o [1]
UART_TxReadySem         0x10001b9c     0x4  Data  Gb  uart.o [1]
UART_status             0x10001bae     0x2  Data  Gb  uart.o [1]
WDT_CLK_Setup           0x0000464d    0x3c  Code  Gb  system_EM7xx.o [1]
WDT_Init                0x00004b35    0x2a  Code  Gb  wdt.o [1]
WDT_clk_get             0x00004689     0x4  Code  Gb  system_EM7xx.o [1]
_LitobSmall             0x00003359   0x104  Code  Lc  xprintfsmall.o [4]
_PrintfSmall            0x00002f55   0x3fa  Code  Gb  xprintfsmall.o [4]
_Prout                  0x00004fe5    0x16  Code  Gb  xprout.o [4]
_SProut                 0x000034cb     0xa  Code  Gb  xsprout.o [4]
__aeabi_cfcmpeq         0x00003619          Code  Gb  FltCmpEq.o [5]
__aeabi_cfcmple         0x000012f9          Code  Gb  FltCmpLe.o [5]
__aeabi_cfrcmple        0x00002d99          Code  Gb  FltCmpGe.o [5]
__aeabi_f2iz            0x00003509          Code  Gb  FltToS32.o [5]
__aeabi_fadd            0x0000131f          Code  Gb  FltAddSub.o [5]
__aeabi_fdiv            0x0000143f          Code  Gb  FltDiv.o [5]
__aeabi_fmul            0x00002c19          Code  Gb  FltMul.o [5]
__aeabi_fsub            0x0000138f          Code  Gb  FltAddSub.o [5]
__aeabi_i2f             0x000034d5          Code  Gb  I32ToFlt.o [5]
__aeabi_idiv            0x00003461          Code  Gb  I32DivMod.o [6]
__aeabi_idiv0           0x00004849          Code  Gb  IntDivZer.o [6]
__aeabi_idivmod         0x00003461          Code  Gb  I32DivMod.o [6]
__aeabi_memclr4         0x00003595          Code  Gb  ABImemset.o [6]
__aeabi_memclr8         0x00003595          Code  Gb  ABImemset.o [6]
__aeabi_memcpy          0x00002d3d          Code  Gb  ABImemcpy.o [6]
__aeabi_memcpy4         0x00002d65          Code  Gb  ABImemcpy.o [6]
__aeabi_memcpy8         0x00002d65          Code  Gb  ABImemcpy.o [6]
__aeabi_memset          0x00003545          Code  Gb  ABImemset.o [6]
__aeabi_uidiv           0x00003489          Code  Gb  I32DivMod.o [6]
__aeabi_uidivmod        0x00003489          Code  Gb  I32DivMod.o [6]
__cmain                 0x00004fa9          Code  Gb  cmain.o [6]
__exit                  0x00004fd9          Code  Gb  XXexit.o [6]
__iar_FAtan             0x00004555    0xb6  Code  Gb  xfatan.o [5]
__iar_Memchr            0x00004831    0x18  Code  Gb  memchr.o [6]
__iar_Memset4_word      0x00003565          Code  Gb  ABImemset.o [6]
__iar_Memset_word       0x00003551          Code  Gb  ABImemset.o [6]
__iar_SB                0x00005244          Data  Gb  bwt_init3c.o [6]
__iar_Strchr            0x0000481d    0x14  Code  Gb  strchr.o [6]
__iar_copy_init3        0x00000ef3    0x2e  Code  Gb  copy_init3.o [6]
__iar_data_init3        0x00004c61    0x2c  Code  Gb  data_init3.o [6]
__iar_default_requirements$$_Printf<unknown>printf {Abs}
                        0x00000000           --   Gb  printf.o [4]
__iar_default_requirements$$_Printf<unknown>sprintf {Abs}
                        0x00000000           --   Gb  sprintf.o [4]
__iar_program_start     0x000051ad          Code  Gb  cstartup_M.o [6]
__iar_provide$$_Printf<flags,int_specials,qualifiers,widths>_PrintfSmall {Abs}
                        0x00000000           --   Gb  xprintfsmall.o [4]
__iar_ui2f              0x000034ed          Code  Gb  I32ToFlt.o [5]
__iar_zero_init3        0x00004da5    0x28  Code  Gb  zero_init3.o [6]
__low_level_init        0x00004fbf     0x4  Code  Gb  low_level_init.o [4]
__vector_table          0x00000000          Data  Gb  startup_armcm0.o [1]
__vector_table_0x1c     0x0000001c          Data  Gb  startup_armcm0.o [1]
_call_main              0x00004fb5          Code  Gb  cmain.o [6]
_exit                   0x00004fcd          Code  Gb  cexit.o [6]
_main                   0x00004fbb          Code  Gb  cmain.o [6]
a                       0x0000462c    0x20  Data  Lc  xfatan.o [5]
afRegisterGenericApplication
                        0x00003599    0x54  Code  Gb  af_zdo.o [1]
app_main                0x00000679   0x486  Code  Gb  app.o [1]
app_millisec_cnt        0x10001b44     0x8  Data  Lc  main.o [1]
app_print_info          0x0000019d    0x3a  Code  Lc  app.o [1]
atanf                   0x00002ccd    0x70  Code  Gb  atanf.o [5]
bod_sec_counter         0x10001bba     0x1  Data  Lc  app.o [1]
bsp_init                0x0000479d    0x80  Code  Gb  bsp.o [1]
calibration             0x10001aac    0x14  Data  Lc  metrology.o [3]
calibration_ranges      0x10001ad4    0x14  Data  Lc  app.o [1]
clear_calc_result       0x0000046d    0x6c  Code  Lc  app.o [1]
copy_calc_results       0x00000aff    0x2e  Code  Gb  app.o [1]
delayMs                 0x0000448b    0x18  Code  Gb  znp_hal.o [1]
delayUs                 0x000044a5    0x26  Code  Gb  znp_hal.o [1]
displayMessages         0x00000b35    0x44  Code  Gb  app.o [1]
em                      0x10001818    0x8c  Data  Lc  metrology.o [3]
em_0                    0x00001b51    0x16  Code  Lc  metrology.o [3]
em_1                    0x00001b67    0x3a  Code  Lc  metrology.o [3]
em_2                    0x00001ba1    0x32  Code  Lc  metrology.o [3]
em_3                    0x00001bd3    0x7c  Code  Lc  metrology.o [3]
em_4                    0x00001c4f    0x10  Code  Lc  metrology.o [3]
em_5                    0x00001c5f    0x34  Code  Lc  metrology.o [3]
em_6                    0x00001c93    0x8e  Code  Lc  metrology.o [3]
em_7                    0x00001d21     0xa  Code  Lc  metrology.o [3]
em_8                    0x00001d2b     0x8  Code  Lc  metrology.o [3]
em_NextCalibrationState
                        0x0000059d    0x78  Code  Gb  app.o [1]
em_get_relay_state      0x0000065b     0x6  Code  Gb  app.o [1]
em_relay_close          0x00000631    0x2a  Code  Gb  app.o [1]
erase_flash_sector      0x000010c5    0x50  Code  Lc  nvmem.o [1]
exit                    0x00004fc3     0x8  Code  Gb  exit.o [4]
ftos                    0x00000f21   0x100  Code  Gb  string_functions.o [1]
getConfigurationParameter
                        0x00002ba1    0x56  Code  Gb  znp_interface.o [1]
getDeviceInformation    0x000027ed   0x13c  Code  Gb  znp_interface.o [1]
getDeviceInformationProperty
                        0x00002751    0x3a  Code  Gb  znp_interface.o [1]
getDeviceStateName      0x0000278b    0x5a  Code  Gb  znp_interface.o [1]
getNetworkConfigurationParameters
                        0x00002afd    0x9c  Code  Gb  znp_interface.o [1]
getTimeFormat           0x00001021    0x5c  Code  Gb  string_functions.o [1]
get_tx_interval         0x00001509     0x6  Code  Gb  rfhandler.o [1]
gpio_alloc              0x0000244f    0x3e  Code  Gb  gpio.o [1]
gpio_blink              0x000025a5    0x54  Code  Gb  gpio.o [1]
gpio_chdir              0x0000248d    0x70  Code  Gb  gpio.o [1]
gpio_clr                0x00002551    0x54  Code  Gb  gpio.o [1]
gpio_getval             0x000025f9    0x46  Code  Gb  gpio.o [1]
gpio_init               0x00002441     0xe  Code  Gb  gpio.o [1]
gpio_set                0x000024fd    0x54  Code  Gb  gpio.o [1]
halSpiInitZnp           0x00004355    0xb4  Code  Gb  znp_hal.o [1]
heapSTRUCT_SIZE         0x00003506     0x2  Data  Lc  heap_2.o [1]
init_busy               0x10001aa8     0x1  Data  Lc  metrology.o [3]
ipc_calc_result         0x100019d0    0x40  Data  Lc  app.o [1]
ipc_mutex               0x10001b50     0x4  Data  Lc  app.o [1]
main                    0x00002dcd    0x2a  Code  Gb  main.o [1]
mains_freq              0x10001bbd     0x1  Data  Lc  rfhandler.o [1]
memcmp                  0x00004ad1    0x28  Code  Gb  memcmp.o [6]
memcpy                  0x00004a3f    0x16  Code  Gb  znp_interface.o [1]
memset                  0x00004b1f    0x16  Code  Gb  tasks.o [1]
metrology_IRQHandler    0x00001d61   0x22e  Code  Gb  metrology.o [3]
metrology_get_gainchannel
                        0x00002115     0x8  Code  Gb  metrology.o [3]
metrology_init          0x00001ff9   0x11c  Code  Gb  metrology.o [3]
metrology_ranges        0x10001ac0    0x14  Data  Lc  app.o [1]
metrology_read_data     0x00002189   0x2aa  Code  Gb  metrology.o [3]
metrology_set_ranges    0x00001f9d    0x30  Code  Gb  metrology.o [3]
metrology_start         0x0000211d    0x2c  Code  Gb  metrology.o [3]
nvm_storage             0x10001a50    0x34  Data  Lc  nvmem.o [1]
nvmem_init              0x00001115    0xb2  Code  Gb  nvmem.o [1]
nvmem_readID            0x000012ab    0x3a  Code  Gb  nvmem.o [1]
nvmem_read_counters     0x00001217     0xe  Code  Gb  nvmem.o [1]
nvmem_read_ranges       0x000011c7    0x28  Code  Gb  nvmem.o [1]
nvmem_store_in_flash    0x0000122f    0x7c  Code  Gb  nvmem.o [1]
nvmem_write_counters    0x00001225     0xa  Code  Gb  nvmem.o [1]
nvmem_write_ranges      0x000011ef    0x28  Code  Gb  nvmem.o [1]
pAppStartHandle         0x10001b5c     0x4  Data  Gb  main.o [1]
pcb_addr_table          0x00004bd8    0x30  Data  Gb  pcb.o [1]
pcb_alloc               0x00003655    0x5c  Code  Gb  pcb.o [1]
pcb_claimed             0x10001b24    0x10  Data  Lc  pcb.o [1]
pcb_init                0x00003639    0x1c  Code  Gb  pcb.o [1]
printHexBytes           0x0000107d    0x22  Code  Gb  string_functions.o [1]
print_meter_result      0x000001dd   0x23e  Code  Gb  app.o [1]
printf                  0x000026f5    0x24  Code  Gb  printf.o [4]
prvAllocateTCBAndStack  0x00004213    0x40  Code  Lc  tasks.o [1]
prvCheckTasksWaitingTermination
                        0x00004211     0x2  Code  Lc  tasks.o [1]
prvCopyDataFromQueue    0x000039fb    0x2c  Code  Lc  queue.o [1]
prvCopyDataToQueue      0x00003989    0x72  Code  Lc  queue.o [1]
prvIdleTask             0x00004165    0x1a  Code  Lc  tasks.o [1]
prvInitialiseTCBVariables
                        0x0000418d    0x42  Code  Lc  tasks.o [1]
prvInitialiseTaskLists  0x000041cf    0x3a  Code  Lc  tasks.o [1]
prvIsQueueEmpty         0x00003a91    0x1e  Code  Lc  queue.o [1]
prvIsQueueFull          0x00003aaf    0x20  Code  Lc  queue.o [1]
prvUnlockQueue          0x00003a27    0x6a  Code  Lc  queue.o [1]
putchar                 0x00000ee5     0xe  Code  Gb  uart.o [1]
pvPortMalloc            0x0000484d    0xf0  Code  Gb  heap_2.o [1]
pwrite_pos              0x10001b64     0x4  Data  Lc  nvmem.o [1]
pxCurrentTCB            0x10001b68     0x4  Data  Gb  tasks.o [1]
pxDelayedTaskList       0x10001b6c     0x4  Data  Lc  tasks.o [1]
pxOverflowDelayedTaskList
                        0x10001b70     0x4  Data  Lc  tasks.o [1]
pxPortInitialiseStack   0x00003b97    0x18  Code  Gb  port.o [1]
pxReadyTasksLists       0x100018a4    0x64  Data  Lc  tasks.o [1]
relay_state             0x10000014     0x1  Data  Lc  app.o [1]
relay_switching_interval
                        0x10000010     0x2  Data  Lc  app.o [1]
rf_tx_calibration_msg   0x10001bbc     0x1  Data  Gb  rfhandler.o [1]
rf_tx_config_msg        0x10001bbb     0x1  Data  Gb  rfhandler.o [1]
rtk_int_disable         0x000026e5     0x8  Code  Gb  rtk_FreeRTOS.o [1]
rtk_int_enable          0x000026ed     0x8  Code  Gb  rtk_FreeRTOS.o [1]
rtk_sem_acquire         0x0000268b    0x14  Code  Gb  rtk_FreeRTOS.o [1]
rtk_sem_create          0x00002665    0x26  Code  Gb  rtk_FreeRTOS.o [1]
rtk_sem_release         0x0000269f    0x12  Code  Gb  rtk_FreeRTOS.o [1]
rtk_sem_release_isr     0x000026b1    0x22  Code  Gb  rtk_FreeRTOS.o [1]
rtk_tsk_sleep           0x000026d3    0x12  Code  Gb  rtk_FreeRTOS.o [1]
sendMessage             0x00002f09    0x48  Code  Gb  znp_interface_spi.o [1]
sendSreq                0x00002e7d    0x72  Code  Gb  znp_interface_spi.o [1]
setCallbacks            0x00002aa5    0x46  Code  Gb  znp_interface.o [1]
setChannel              0x00002999    0x36  Code  Gb  znp_interface.o [1]
setChannelMask          0x000029e5    0x62  Code  Gb  znp_interface.o [1]
setStartupOptions       0x00002a59    0x40  Code  Gb  znp_interface.o [1]
setZigbeeDeviceType     0x00002929    0x40  Code  Gb  znp_interface.o [1]
set_tx_interval         0x0000150f    0x16  Code  Gb  rfhandler.o [1]
setting                 0x00004df0    0x24  Data  Lc  uart.o [1]
setup_BOD               0x0000041b    0x1e  Code  Lc  app.o [1]
spiPoll                 0x00002eef    0x1a  Code  Gb  znp_interface_spi.o [1]
spiWrite                0x000044cb    0x3e  Code  Gb  znp_hal.o [1]
sprintf                 0x00000b9d    0x38  Code  Gb  sprintf.o [4]
ssp_empty_rxfifo        0x0000433d    0x18  Code  Lc  znp_hal.o [1]
startZnp                0x00001a2d    0xee  Code  Gb  rfhandler.o [1]
strlen                  0x000034b7    0x14  Code  Gb  strlen.o [6]
strncpy                 0x00004af9    0x26  Code  Gb  strncpy.o [6]
sys_millisec_cnt        0x10001bac     0x2  Data  Lc  main.o [1]
sys_seconds_cnt         0x10001b60     0x4  Data  Lc  main.o [1]
totalinuse              0x10001b54     0x4  Data  Lc  heap_2.o [1]
trigger_tx_calibration_msg
                        0x000014e9    0x10  Code  Gb  rfhandler.o [1]
trigger_tx_config_msg   0x000014f9    0x10  Code  Gb  rfhandler.o [1]
tx_interval             0x10000012     0x2  Data  Gb  rfhandler.o [1]
unique_id               0x10001b4c     0x4  Data  Gb  app.o [1]
uxCriticalNesting       0x10000000     0x4  Data  Lc  port.o [1]
uxCurrentNumberOfTasks  0x10001b74     0x4  Data  Lc  tasks.o [1]
uxMissedTicks           0x10001b8c     0x4  Data  Lc  tasks.o [1]
uxSchedulerSuspended    0x10001b88     0x4  Data  Lc  tasks.o [1]
uxTaskNumber            0x10001b98     0x4  Data  Lc  tasks.o [1]
uxTopReadyPriority      0x10001b80     0x4  Data  Lc  tasks.o [1]
uxTopUsedPriority       0x10001b7c     0x4  Data  Lc  tasks.o [1]
vApplicationIdleHook    0x00002e41     0xa  Code  Gb  main.o [1]
vApplicationStackOverflowHook
                        0x00002e4b     0x4  Code  Gb  main.o [1]
vApplicationTickHook    0x00002df7    0x4a  Code  Gb  main.o [1]
vListInitialise         0x00004999    0x1e  Code  Gb  list.o [1]
vListInitialiseItem     0x000049b7     0x6  Code  Gb  list.o [1]
vListInsert             0x000049db    0x3c  Code  Gb  list.o [1]
vListInsertEnd          0x000049bd    0x1e  Code  Gb  list.o [1]
vListRemove             0x00004a17    0x28  Code  Gb  list.o [1]
vPortEnterCritical      0x00003bdf    0x12  Code  Gb  port.o [1]
vPortExitCritical       0x00003bf1    0x1c  Code  Gb  port.o [1]
vPortFree               0x0000493d    0x44  Code  Gb  heap_2.o [1]
vPortSVCHandler         0x00004a9d          Code  Gb  portasm.o [1]
vPortStartFirstTask     0x00004ac3          Code  Gb  portasm.o [1]
vPortYieldFromISR       0x00003bd5     0xa  Code  Gb  port.o [1]
vTaskDelay              0x00003d35    0x5c  Code  Gb  tasks.o [1]
vTaskIncrementTick      0x00003eb9    0xb2  Code  Gb  tasks.o [1]
vTaskMissedYield        0x0000414d     0x8  Code  Gb  tasks.o [1]
vTaskPlaceOnEventList   0x00004015    0x52  Code  Gb  tasks.o [1]
vTaskPriorityDisinherit
                        0x000042cd    0x4a  Code  Gb  tasks.o [1]
vTaskPriorityInherit    0x00004261    0x6c  Code  Gb  tasks.o [1]
vTaskSetTimeOutState    0x000040e7     0xe  Code  Gb  tasks.o [1]
vTaskStartScheduler     0x00003d91    0x34  Code  Gb  tasks.o [1]
vTaskSuspendAll         0x00003dc5     0xc  Code  Gb  tasks.o [1]
vTaskSwitchContext      0x00003f71    0x9a  Code  Gb  tasks.o [1]
waitForDeviceState      0x000019bd    0x70  Code  Lc  rfhandler.o [1]
xDelayedTaskList1       0x10001ae8    0x14  Data  Lc  tasks.o [1]
xDelayedTaskList2       0x10001afc    0x14  Data  Lc  tasks.o [1]
xEnd                    0x10001b3c     0x8  Data  Lc  heap_2.o [1]
xHeap                   0x10000018  0x1800  Data  Lc  heap_2.o [1]
xMissedYield            0x10001b90     0x4  Data  Lc  tasks.o [1]
xNumOfOverflows         0x10001b94     0x4  Data  Lc  tasks.o [1]
xPendingReadyList       0x10001b10    0x14  Data  Lc  tasks.o [1]
xPortPendSVHandler      0x00004a55          Code  Gb  portasm.o [1]
xPortStartScheduler     0x00003baf    0x26  Code  Gb  port.o [1]
xPortSysTickHandler     0x00003c0d    0x20  Code  Gb  port.o [1]
xQueueCreate            0x000036bd    0x76  Code  Gb  queue.o [1]
xQueueGenericReceive    0x0000386b   0x11e  Code  Gb  queue.o [1]
xQueueGenericSend       0x00003733    0xd6  Code  Gb  queue.o [1]
xQueueGenericSendFromISR
                        0x00003809    0x62  Code  Gb  queue.o [1]
xSchedulerRunning       0x10001b84     0x4  Data  Lc  tasks.o [1]
xStart                  0x10001b34     0x8  Data  Lc  heap_2.o [1]
xTaskCheckForTimeOut    0x000040f5    0x58  Code  Gb  tasks.o [1]
xTaskCreate             0x00003c51    0xe4  Code  Gb  tasks.o [1]
xTaskGetCurrentTaskHandle
                        0x00004253     0x6  Code  Gb  tasks.o [1]
xTaskRemoveFromEventList
                        0x00004075    0x72  Code  Gb  tasks.o [1]
xTaskResumeAll          0x00003de1    0xc4  Code  Gb  tasks.o [1]
xTickCount              0x10001b78     0x4  Data  Lc  tasks.o [1]
zdoStartApplication     0x000035ed    0x24  Code  Gb  af_zdo.o [1]
znpBuf                  0x1000196c    0x64  Data  Gb  znp_interface_spi.o [1]
znpInit                 0x00002719     0xc  Code  Gb  znp_interface.o [1]
znpReset                0x00002725    0x2c  Code  Gb  znp_interface.o [1]
znpResult               0x10001ba8     0x4  Data  Gb  znp_interface.o [1]
znp_hal_init            0x00004409    0x82  Code  Gb  znp_hal.o [1]


[1] = E:\Embedded Projects\Smart_Plug\APP\Smart_Plug\Coordinator\Obj
[2] = command line
[3] = dbg_metrology.a
[4] = dl6M_tln.a
[5] = m6M_tl.a
[6] = rt6M_tl.a

  19 420 bytes of readonly  code memory
   1 600 bytes of readonly  data memory
   7 486 bytes of readwrite data memory

Errors: none
Warnings: none
